220.100.19.202 - - [24/Oct/2016:13:11:12 +0000] "GET /lectures HTTP/1.1" 500 1477 "http://52.198.208.2/" "Mozilla/5.0 (iPhone; CPU iPhone OS 9_3_2 like Mac OS X) AppleWebKit/601.1 (KHTML, like Gecko) CriOS/54.0.2840.66 Mobile/13F69 Safari/601.1.46"
95.213.177.124 - - [24/Oct/2016:15:10:47 +0000] "POST http://check.proxyradar.com/azenv.php?auth=147732184669&a=PSCMN&i=885444610&p=80 HTTP/1.1" 404 3696 "https://proxyradar.com/" "Mozilla/4.0 (compatible; MSIE 8.0; Windows NT 5.1; Trident/4.0)"
117.21.191.196 - - [24/Oct/2016:19:12:00 +0000] "GET //index.html HTTP/1.1" 404 1564 "-" "python-requests/2.7.0 CPython/2.7.9 Windows/2003Server"
95.213.177.123 - - [24/Oct/2016:19:35:54 +0000] "POST http://check.proxyradar.com/azenv.php?auth=147733775313&a=PSCMN&i=885444610&p=80 HTTP/1.1" 404 3696 "https://proxyradar.com/" "Mozilla/4.0 (compatible; MSIE 8.0; Windows NT 5.1; Trident/4.0)"
198.154.63.90 - - [24/Oct/2016:23:09:44 +0000] "GET /MyAdmin/scripts/setup.php HTTP/1.1" 404 1564 "-" "ZmEu"
198.154.63.90 - - [24/Oct/2016:23:09:44 +0000] "GET /pma/scripts/setup.php HTTP/1.1" 404 1564 "-" "ZmEu"
198.154.63.90 - - [24/Oct/2016:23:09:44 +0000] "GET /phpmyadmin/scripts/setup.php HTTP/1.1" 404 1564 "-" "ZmEu"
198.154.63.90 - - [24/Oct/2016:23:09:44 +0000] "GET /myadmin/scripts/setup.php HTTP/1.1" 404 1564 "-" "ZmEu"
198.154.63.90 - - [24/Oct/2016:23:09:44 +0000] "GET /phpMyAdmin/scripts/setup.php HTTP/1.1" 404 1564 "-" "ZmEu"
198.154.63.90 - - [24/Oct/2016:23:09:44 +0000] "GET /w00tw00t.at.blackhats.romanian.anti-sec:) HTTP/1.1" 404 1564 "-" "ZmEu"
95.213.177.124 - - [24/Oct/2016:23:57:48 +0000] "POST http://check.proxyradar.com/azenv.php?auth=147735346693&a=PSCMN&i=885444610&p=80 HTTP/1.1" 404 3696 "https://proxyradar.com/" "Mozilla/4.0 (compatible; MSIE 8.0; Windows NT 5.1; Trident/4.0)"
139.201.126.171 - - [25/Oct/2016:00:32:54 +0000] "GET /manager/html HTTP/1.1" 404 1564 "-" "Mozilla/5.0 (compatible; MSIE 10.0; Windows NT 6.2; WOW64; Trident/6.0)"
119.104.117.154 - - [25/Oct/2016:02:53:56 +0000] "GET / HTTP/1.1" 200 6164 "http://52.198.208.2/" "Mozilla/5.0 (Linux; Android 6.0; Nexus 5 Build/MRA58N) AppleWebKit/537.36 (KHTML, like Gecko) Chrome/46.0.2490.76 Mobile Safari/537.36"
119.104.117.154 - - [25/Oct/2016:02:53:56 +0000] "GET /assets/application-110f4cca19b6c89e7846a6750e179c64f9a13a59d3a9f4133c0b0792a6807eee.css HTTP/1.1" 304 0 "http://52.198.208.2/" "Mozilla/5.0 (Linux; Android 6.0; Nexus 5 Build/MRA58N) AppleWebKit/537.36 (KHTML, like Gecko) Chrome/46.0.2490.76 Mobile Safari/537.36"
119.104.117.154 - - [25/Oct/2016:02:53:57 +0000] "GET /assets/application-f8a74385c0e83b6f2c0c7cb008754c55a4655f38ba1151e057913f15b0a37c36.js HTTP/1.1" 304 0 "http://52.198.208.2/" "Mozilla/5.0 (Linux; Android 6.0; Nexus 5 Build/MRA58N) AppleWebKit/537.36 (KHTML, like Gecko) Chrome/46.0.2490.76 Mobile Safari/537.36"
119.104.117.154 - - [25/Oct/2016:02:53:57 +0000] "GET /favicon.ico HTTP/1.1" 304 0 "http://52.198.208.2/" "Mozilla/5.0 (Linux; Android 6.0; Nexus 5 Build/MRA58N) AppleWebKit/537.36 (KHTML, like Gecko) Chrome/46.0.2490.76 Mobile Safari/537.36"
119.104.117.154 - - [25/Oct/2016:02:53:59 +0000] "GET /lectures HTTP/1.1" 500 1477 "http://52.198.208.2/" "Mozilla/5.0 (Linux; Android 6.0; Nexus 5 Build/MRA58N) AppleWebKit/537.36 (KHTML, like Gecko) Chrome/46.0.2490.76 Mobile Safari/537.36"
119.104.117.154 - - [25/Oct/2016:02:54:46 +0000] "GET /lectures HTTP/1.1" 500 1477 "http://52.198.208.2/" "Mozilla/5.0 (Linux; Android 6.0; Nexus 5 Build/MRA58N) AppleWebKit/537.36 (KHTML, like Gecko) Chrome/46.0.2490.76 Mobile Safari/537.36"
119.104.117.154 - - [25/Oct/2016:03:31:48 +0000] "GET /lectures HTTP/1.1" 200 6063 "http://52.198.208.2/" "Mozilla/5.0 (Linux; Android 6.0; Nexus 5 Build/MRA58N) AppleWebKit/537.36 (KHTML, like Gecko) Chrome/46.0.2490.76 Mobile Safari/537.36"
119.104.117.154 - - [25/Oct/2016:03:31:48 +0000] "GET /assets/application-110f4cca19b6c89e7846a6750e179c64f9a13a59d3a9f4133c0b0792a6807eee.css HTTP/1.1" 304 0 "http://52.198.208.2/lectures" "Mozilla/5.0 (Linux; Android 6.0; Nexus 5 Build/MRA58N) AppleWebKit/537.36 (KHTML, like Gecko) Chrome/46.0.2490.76 Mobile Safari/537.36"
119.104.117.154 - - [25/Oct/2016:03:31:48 +0000] "GET /assets/application-f8a74385c0e83b6f2c0c7cb008754c55a4655f38ba1151e057913f15b0a37c36.js HTTP/1.1" 304 0 "http://52.198.208.2/lectures" "Mozilla/5.0 (Linux; Android 6.0; Nexus 5 Build/MRA58N) AppleWebKit/537.36 (KHTML, like Gecko) Chrome/46.0.2490.76 Mobile Safari/537.36"
119.104.117.154 - - [25/Oct/2016:03:31:52 +0000] "GET /products/2 HTTP/1.1" 200 9695 "http://52.198.208.2/lectures" "Mozilla/5.0 (Linux; Android 6.0; Nexus 5 Build/MRA58N) AppleWebKit/537.36 (KHTML, like Gecko) Chrome/46.0.2490.76 Mobile Safari/537.36"
119.104.117.154 - - [25/Oct/2016:03:33:53 +0000] "GET /products HTTP/1.1" 200 5738 "http://52.198.208.2/" "Mozilla/5.0 (iPhone; CPU iPhone OS 9_3_2 like Mac OS X) AppleWebKit/601.1 (KHTML, like Gecko) CriOS/54.0.2840.66 Mobile/13F69 Safari/601.1.46"
119.104.117.154 - - [25/Oct/2016:03:33:55 +0000] "GET /products/2 HTTP/1.1" 200 10736 "http://52.198.208.2/products" "Mozilla/5.0 (iPhone; CPU iPhone OS 9_3_2 like Mac OS X) AppleWebKit/601.1 (KHTML, like Gecko) CriOS/54.0.2840.66 Mobile/13F69 Safari/601.1.46"
119.104.117.154 - - [25/Oct/2016:03:33:55 +0000] "GET /assets/Genericons.svg HTTP/1.1" 404 1564 "http://52.198.208.2/products/2" "Mozilla/5.0 (iPhone; CPU iPhone OS 9_3_2 like Mac OS X) AppleWebKit/601.1 (KHTML, like Gecko) CriOS/54.0.2840.66 Mobile/13F69 Safari/601.1.46"
119.104.117.154 - - [25/Oct/2016:03:34:56 +0000] "POST /users/sign_out HTTP/1.1" 302 110 "http://52.198.208.2/products/2" "Mozilla/5.0 (iPhone; CPU iPhone OS 9_3_2 like Mac OS X) AppleWebKit/601.1 (KHTML, like Gecko) CriOS/54.0.2840.66 Mobile/13F69 Safari/601.1.46"
119.104.117.154 - - [25/Oct/2016:03:34:56 +0000] "GET /users/sign_in HTTP/1.1" 200 2148 "http://52.198.208.2/products/2" "Mozilla/5.0 (iPhone; CPU iPhone OS 9_3_2 like Mac OS X) AppleWebKit/601.1 (KHTML, like Gecko) CriOS/54.0.2840.66 Mobile/13F69 Safari/601.1.46"
119.104.117.154 - - [25/Oct/2016:03:34:56 +0000] "GET /assets/application-110f4cca19b6c89e7846a6750e179c64f9a13a59d3a9f4133c0b0792a6807eee.css HTTP/1.1" 304 0 "http://52.198.208.2/" "Mozilla/5.0 (iPhone; CPU iPhone OS 9_3_2 like Mac OS X) AppleWebKit/601.1 (KHTML, like Gecko) CriOS/54.0.2840.66 Mobile/13F69 Safari/601.1.46"
119.104.117.154 - - [25/Oct/2016:03:34:56 +0000] "GET /assets/application-f8a74385c0e83b6f2c0c7cb008754c55a4655f38ba1151e057913f15b0a37c36.js HTTP/1.1" 304 0 "http://52.198.208.2/" "Mozilla/5.0 (iPhone; CPU iPhone OS 9_3_2 like Mac OS X) AppleWebKit/601.1 (KHTML, like Gecko) CriOS/54.0.2840.66 Mobile/13F69 Safari/601.1.46"
119.104.117.154 - - [25/Oct/2016:03:34:56 +0000] "GET /favicon.ico HTTP/1.1" 304 0 "-" "Mozilla/5.0 (iPhone; CPU iPhone OS 9_3_2 like Mac OS X) AppleWebKit/601.1 (KHTML, like Gecko) CriOS/54.0.2840.66 Mobile/13F69 Safari/601.1.46"
119.104.117.154 - - [25/Oct/2016:03:34:59 +0000] "GET /lectures HTTP/1.1" 200 6063 "http://52.198.208.2/users/sign_in" "Mozilla/5.0 (iPhone; CPU iPhone OS 9_3_2 like Mac OS X) AppleWebKit/601.1 (KHTML, like Gecko) CriOS/54.0.2840.66 Mobile/13F69 Safari/601.1.46"
119.104.117.154 - - [25/Oct/2016:03:35:07 +0000] "GET /lectures/3 HTTP/1.1" 200 6116 "http://52.198.208.2/lectures" "Mozilla/5.0 (iPhone; CPU iPhone OS 9_3_2 like Mac OS X) AppleWebKit/601.1 (KHTML, like Gecko) CriOS/54.0.2840.66 Mobile/13F69 Safari/601.1.46"
119.104.117.154 - - [25/Oct/2016:03:35:10 +0000] "GET /lectures HTTP/1.1" 200 6063 "http://52.198.208.2/lectures/3" "Mozilla/5.0 (iPhone; CPU iPhone OS 9_3_2 like Mac OS X) AppleWebKit/601.1 (KHTML, like Gecko) CriOS/54.0.2840.66 Mobile/13F69 Safari/601.1.46"
119.104.117.154 - - [25/Oct/2016:03:35:12 +0000] "GET /products HTTP/1.1" 200 5609 "http://52.198.208.2/lectures" "Mozilla/5.0 (iPhone; CPU iPhone OS 9_3_2 like Mac OS X) AppleWebKit/601.1 (KHTML, like Gecko) CriOS/54.0.2840.66 Mobile/13F69 Safari/601.1.46"
119.104.117.154 - - [25/Oct/2016:03:35:15 +0000] "GET /products/2 HTTP/1.1" 200 9695 "http://52.198.208.2/products" "Mozilla/5.0 (iPhone; CPU iPhone OS 9_3_2 like Mac OS X) AppleWebKit/601.1 (KHTML, like Gecko) CriOS/54.0.2840.66 Mobile/13F69 Safari/601.1.46"
119.104.117.154 - - [25/Oct/2016:03:39:14 +0000] "GET /products/2 HTTP/1.1" 200 9695 "http://52.198.208.2/" "Mozilla/5.0 (Linux; Android 6.0; Nexus 5 Build/MRA58N) AppleWebKit/537.36 (KHTML, like Gecko) Chrome/46.0.2490.76 Mobile Safari/537.36"
119.104.117.154 - - [25/Oct/2016:03:39:14 +0000] "GET /assets/application-110f4cca19b6c89e7846a6750e179c64f9a13a59d3a9f4133c0b0792a6807eee.css HTTP/1.1" 304 0 "http://52.198.208.2/products/2" "Mozilla/5.0 (Linux; Android 6.0; Nexus 5 Build/MRA58N) AppleWebKit/537.36 (KHTML, like Gecko) Chrome/46.0.2490.76 Mobile Safari/537.36"
119.104.117.154 - - [25/Oct/2016:03:39:14 +0000] "GET /assets/application-f8a74385c0e83b6f2c0c7cb008754c55a4655f38ba1151e057913f15b0a37c36.js HTTP/1.1" 304 0 "http://52.198.208.2/products/2" "Mozilla/5.0 (Linux; Android 6.0; Nexus 5 Build/MRA58N) AppleWebKit/537.36 (KHTML, like Gecko) Chrome/46.0.2490.76 Mobile Safari/537.36"
119.104.117.154 - - [25/Oct/2016:03:39:52 +0000] "GET /products/2 HTTP/1.1" 200 9695 "http://52.198.208.2/" "Mozilla/5.0 (Macintosh; Intel Mac OS X 10_11_6) AppleWebKit/537.36 (KHTML, like Gecko) Chrome/53.0.2785.143 Safari/537.36"
119.104.117.154 - - [25/Oct/2016:03:39:52 +0000] "GET /assets/application-110f4cca19b6c89e7846a6750e179c64f9a13a59d3a9f4133c0b0792a6807eee.css HTTP/1.1" 304 0 "http://52.198.208.2/products/2" "Mozilla/5.0 (Macintosh; Intel Mac OS X 10_11_6) AppleWebKit/537.36 (KHTML, like Gecko) Chrome/53.0.2785.143 Safari/537.36"
119.104.117.154 - - [25/Oct/2016:03:39:53 +0000] "GET /assets/application-f8a74385c0e83b6f2c0c7cb008754c55a4655f38ba1151e057913f15b0a37c36.js HTTP/1.1" 304 0 "http://52.198.208.2/products/2" "Mozilla/5.0 (Macintosh; Intel Mac OS X 10_11_6) AppleWebKit/537.36 (KHTML, like Gecko) Chrome/53.0.2785.143 Safari/537.36"
119.104.117.154 - - [25/Oct/2016:03:40:43 +0000] "GET /products/2 HTTP/1.1" 200 9695 "http://52.198.208.2/" "Mozilla/5.0 (Macintosh; Intel Mac OS X 10_11_6) AppleWebKit/537.36 (KHTML, like Gecko) Chrome/53.0.2785.143 Safari/537.36"
119.104.117.154 - - [25/Oct/2016:03:40:43 +0000] "GET /assets/application-110f4cca19b6c89e7846a6750e179c64f9a13a59d3a9f4133c0b0792a6807eee.css HTTP/1.1" 304 0 "http://52.198.208.2/products/2" "Mozilla/5.0 (Macintosh; Intel Mac OS X 10_11_6) AppleWebKit/537.36 (KHTML, like Gecko) Chrome/53.0.2785.143 Safari/537.36"
119.104.117.154 - - [25/Oct/2016:03:40:43 +0000] "GET /assets/application-f8a74385c0e83b6f2c0c7cb008754c55a4655f38ba1151e057913f15b0a37c36.js HTTP/1.1" 304 0 "http://52.198.208.2/products/2" "Mozilla/5.0 (Macintosh; Intel Mac OS X 10_11_6) AppleWebKit/537.36 (KHTML, like Gecko) Chrome/53.0.2785.143 Safari/537.36"
119.104.117.154 - - [25/Oct/2016:03:42:21 +0000] "GET /products/2 HTTP/1.1" 200 9695 "http://52.198.208.2/" "Mozilla/5.0 (Linux; Android 6.0; Nexus 5 Build/MRA58N) AppleWebKit/537.36 (KHTML, like Gecko) Chrome/46.0.2490.76 Mobile Safari/537.36"
119.104.117.154 - - [25/Oct/2016:03:42:21 +0000] "GET /assets/application-110f4cca19b6c89e7846a6750e179c64f9a13a59d3a9f4133c0b0792a6807eee.css HTTP/1.1" 304 0 "http://52.198.208.2/products/2" "Mozilla/5.0 (Linux; Android 6.0; Nexus 5 Build/MRA58N) AppleWebKit/537.36 (KHTML, like Gecko) Chrome/46.0.2490.76 Mobile Safari/537.36"
119.104.117.154 - - [25/Oct/2016:03:42:21 +0000] "GET /assets/application-f8a74385c0e83b6f2c0c7cb008754c55a4655f38ba1151e057913f15b0a37c36.js HTTP/1.1" 304 0 "http://52.198.208.2/products/2" "Mozilla/5.0 (Linux; Android 6.0; Nexus 5 Build/MRA58N) AppleWebKit/537.36 (KHTML, like Gecko) Chrome/46.0.2490.76 Mobile Safari/537.36"
119.104.117.154 - - [25/Oct/2016:03:44:33 +0000] "GET /products/2 HTTP/1.1" 200 9695 "http://52.198.208.2/" "Mozilla/5.0 (Linux; Android 6.0; Nexus 5 Build/MRA58N) AppleWebKit/537.36 (KHTML, like Gecko) Chrome/46.0.2490.76 Mobile Safari/537.36"
119.104.117.154 - - [25/Oct/2016:03:44:33 +0000] "GET /assets/application-110f4cca19b6c89e7846a6750e179c64f9a13a59d3a9f4133c0b0792a6807eee.css HTTP/1.1" 304 0 "http://52.198.208.2/products/2" "Mozilla/5.0 (Linux; Android 6.0; Nexus 5 Build/MRA58N) AppleWebKit/537.36 (KHTML, like Gecko) Chrome/46.0.2490.76 Mobile Safari/537.36"
119.104.117.154 - - [25/Oct/2016:03:44:34 +0000] "GET /assets/application-f8a74385c0e83b6f2c0c7cb008754c55a4655f38ba1151e057913f15b0a37c36.js HTTP/1.1" 304 0 "http://52.198.208.2/products/2" "Mozilla/5.0 (Linux; Android 6.0; Nexus 5 Build/MRA58N) AppleWebKit/537.36 (KHTML, like Gecko) Chrome/46.0.2490.76 Mobile Safari/537.36"
119.104.117.154 - - [25/Oct/2016:03:46:15 +0000] "GET /products/2 HTTP/1.1" 200 9695 "http://52.198.208.2/" "Mozilla/5.0 (Linux; Android 6.0; Nexus 5 Build/MRA58N) AppleWebKit/537.36 (KHTML, like Gecko) Chrome/46.0.2490.76 Mobile Safari/537.36"
119.104.117.154 - - [25/Oct/2016:03:46:15 +0000] "GET /assets/application-110f4cca19b6c89e7846a6750e179c64f9a13a59d3a9f4133c0b0792a6807eee.css HTTP/1.1" 304 0 "http://52.198.208.2/products/2" "Mozilla/5.0 (Linux; Android 6.0; Nexus 5 Build/MRA58N) AppleWebKit/537.36 (KHTML, like Gecko) Chrome/46.0.2490.76 Mobile Safari/537.36"
119.104.117.154 - - [25/Oct/2016:03:46:15 +0000] "GET /assets/application-f8a74385c0e83b6f2c0c7cb008754c55a4655f38ba1151e057913f15b0a37c36.js HTTP/1.1" 304 0 "http://52.198.208.2/products/2" "Mozilla/5.0 (Linux; Android 6.0; Nexus 5 Build/MRA58N) AppleWebKit/537.36 (KHTML, like Gecko) Chrome/46.0.2490.76 Mobile Safari/537.36"
119.104.117.154 - - [25/Oct/2016:03:46:57 +0000] "GET /products/2 HTTP/1.1" 200 9695 "http://52.198.208.2/" "Mozilla/5.0 (Linux; Android 6.0; Nexus 5 Build/MRA58N) AppleWebKit/537.36 (KHTML, like Gecko) Chrome/46.0.2490.76 Mobile Safari/537.36"
119.104.117.154 - - [25/Oct/2016:03:46:57 +0000] "GET /assets/application-110f4cca19b6c89e7846a6750e179c64f9a13a59d3a9f4133c0b0792a6807eee.css HTTP/1.1" 304 0 "http://52.198.208.2/products/2" "Mozilla/5.0 (Linux; Android 6.0; Nexus 5 Build/MRA58N) AppleWebKit/537.36 (KHTML, like Gecko) Chrome/46.0.2490.76 Mobile Safari/537.36"
119.104.117.154 - - [25/Oct/2016:03:46:57 +0000] "GET /assets/application-f8a74385c0e83b6f2c0c7cb008754c55a4655f38ba1151e057913f15b0a37c36.js HTTP/1.1" 304 0 "http://52.198.208.2/products/2" "Mozilla/5.0 (Linux; Android 6.0; Nexus 5 Build/MRA58N) AppleWebKit/537.36 (KHTML, like Gecko) Chrome/46.0.2490.76 Mobile Safari/537.36"
95.213.177.123 - - [25/Oct/2016:04:16:27 +0000] "POST http://check.proxyradar.com/azenv.php?auth=147736898643&a=PSCMN&i=885444610&p=80 HTTP/1.1" 404 3696 "https://proxyradar.com/" "Mozilla/4.0 (compatible; MSIE 8.0; Windows NT 5.1; Trident/4.0)"
119.104.117.154 - - [25/Oct/2016:04:36:48 +0000] "GET /users/sign_in HTTP/1.1" 200 2078 "http://52.198.208.2/products/2" "Mozilla/5.0 (iPhone; CPU iPhone OS 9_3_2 like Mac OS X) AppleWebKit/601.1 (KHTML, like Gecko) CriOS/54.0.2840.66 Mobile/13F69 Safari/601.1.46"
119.104.117.154 - - [25/Oct/2016:04:37:00 +0000] "GET /users/sign_in HTTP/1.1" 200 2078 "http://52.198.208.2/users/sign_in" "Mozilla/5.0 (iPhone; CPU iPhone OS 9_3_2 like Mac OS X) AppleWebKit/601.1 (KHTML, like Gecko) CriOS/54.0.2840.66 Mobile/13F69 Safari/601.1.46"
119.104.117.154 - - [25/Oct/2016:04:37:00 +0000] "GET /assets/application-110f4cca19b6c89e7846a6750e179c64f9a13a59d3a9f4133c0b0792a6807eee.css HTTP/1.1" 304 0 "http://52.198.208.2/users/sign_in" "Mozilla/5.0 (iPhone; CPU iPhone OS 9_3_2 like Mac OS X) AppleWebKit/601.1 (KHTML, like Gecko) CriOS/54.0.2840.66 Mobile/13F69 Safari/601.1.46"
119.104.117.154 - - [25/Oct/2016:04:37:00 +0000] "GET /assets/application-f8a74385c0e83b6f2c0c7cb008754c55a4655f38ba1151e057913f15b0a37c36.js HTTP/1.1" 304 0 "http://52.198.208.2/users/sign_in" "Mozilla/5.0 (iPhone; CPU iPhone OS 9_3_2 like Mac OS X) AppleWebKit/601.1 (KHTML, like Gecko) CriOS/54.0.2840.66 Mobile/13F69 Safari/601.1.46"
119.104.117.154 - - [25/Oct/2016:04:37:01 +0000] "POST /users/sign_in HTTP/1.1" 302 97 "http://52.198.208.2/users/sign_in" "Mozilla/5.0 (iPhone; CPU iPhone OS 9_3_2 like Mac OS X) AppleWebKit/601.1 (KHTML, like Gecko) CriOS/54.0.2840.66 Mobile/13F69 Safari/601.1.46"
119.104.117.154 - - [25/Oct/2016:04:37:02 +0000] "GET / HTTP/1.1" 200 6372 "http://52.198.208.2/users/sign_in" "Mozilla/5.0 (iPhone; CPU iPhone OS 9_3_2 like Mac OS X) AppleWebKit/601.1 (KHTML, like Gecko) CriOS/54.0.2840.66 Mobile/13F69 Safari/601.1.46"
119.104.117.154 - - [25/Oct/2016:04:37:02 +0000] "GET /assets/application-110f4cca19b6c89e7846a6750e179c64f9a13a59d3a9f4133c0b0792a6807eee.css HTTP/1.1" 304 0 "http://52.198.208.2/users/sign_in" "Mozilla/5.0 (iPhone; CPU iPhone OS 9_3_2 like Mac OS X) AppleWebKit/601.1 (KHTML, like Gecko) CriOS/54.0.2840.66 Mobile/13F69 Safari/601.1.46"
119.104.117.154 - - [25/Oct/2016:04:37:02 +0000] "GET /assets/application-f8a74385c0e83b6f2c0c7cb008754c55a4655f38ba1151e057913f15b0a37c36.js HTTP/1.1" 304 0 "http://52.198.208.2/users/sign_in" "Mozilla/5.0 (iPhone; CPU iPhone OS 9_3_2 like Mac OS X) AppleWebKit/601.1 (KHTML, like Gecko) CriOS/54.0.2840.66 Mobile/13F69 Safari/601.1.46"
119.104.117.154 - - [25/Oct/2016:04:37:04 +0000] "GET /users/1 HTTP/1.1" 200 6561 "http://52.198.208.2/" "Mozilla/5.0 (iPhone; CPU iPhone OS 9_3_2 like Mac OS X) AppleWebKit/601.1 (KHTML, like Gecko) CriOS/54.0.2840.66 Mobile/13F69 Safari/601.1.46"
119.104.117.154 - - [25/Oct/2016:04:37:08 +0000] "GET /products/1 HTTP/1.1" 200 9353 "http://52.198.208.2/users/1" "Mozilla/5.0 (iPhone; CPU iPhone OS 9_3_2 like Mac OS X) AppleWebKit/601.1 (KHTML, like Gecko) CriOS/54.0.2840.66 Mobile/13F69 Safari/601.1.46"
119.104.117.154 - - [25/Oct/2016:04:37:08 +0000] "GET /assets/Genericons.svg HTTP/1.1" 404 1564 "http://52.198.208.2/products/1" "Mozilla/5.0 (iPhone; CPU iPhone OS 9_3_2 like Mac OS X) AppleWebKit/601.1 (KHTML, like Gecko) CriOS/54.0.2840.66 Mobile/13F69 Safari/601.1.46"
119.104.117.154 - - [25/Oct/2016:04:37:10 +0000] "GET /products/1/edit HTTP/1.1" 200 261 "http://52.198.208.2/products/1" "Mozilla/5.0 (iPhone; CPU iPhone OS 9_3_2 like Mac OS X) AppleWebKit/601.1 (KHTML, like Gecko) CriOS/54.0.2840.66 Mobile/13F69 Safari/601.1.46"
119.104.117.154 - - [25/Oct/2016:04:37:30 +0000] "GET /lectures/1/edit HTTP/1.1" 200 270 "http://52.198.208.2/products/1" "Mozilla/5.0 (iPhone; CPU iPhone OS 9_3_2 like Mac OS X) AppleWebKit/601.1 (KHTML, like Gecko) CriOS/54.0.2840.66 Mobile/13F69 Safari/601.1.46"
119.104.117.154 - - [25/Oct/2016:04:37:39 +0000] "GET /lectures/1 HTTP/1.1" 200 6207 "http://52.198.208.2/products/1" "Mozilla/5.0 (iPhone; CPU iPhone OS 9_3_2 like Mac OS X) AppleWebKit/601.1 (KHTML, like Gecko) CriOS/54.0.2840.66 Mobile/13F69 Safari/601.1.46"
119.104.117.154 - - [25/Oct/2016:04:37:42 +0000] "GET /lectures/1/edit HTTP/1.1" 304 0 "http://52.198.208.2/products/1" "Mozilla/5.0 (iPhone; CPU iPhone OS 9_3_2 like Mac OS X) AppleWebKit/601.1 (KHTML, like Gecko) CriOS/54.0.2840.66 Mobile/13F69 Safari/601.1.46"
142.54.174.83 - - [25/Oct/2016:06:00:25 +0000] "GET / HTTP/1.1" 200 3770 "-" "Mozilla/4.0 (compatible; MSIE 8.0; Windows NT 6.1; Trident/4.0; SLCC2; .NET CLR 2.0.50727; .NET CLR 3.5.30729; .NET CLR 3.0.30729; Media Center PC 6.0)"
95.213.177.126 - - [25/Oct/2016:08:38:52 +0000] "POST http://check.proxyradar.com/azenv.php?auth=147738473003&a=PSCMN&i=885444610&p=80 HTTP/1.1" 404 3696 "https://proxyradar.com/" "Mozilla/4.0 (compatible; MSIE 8.0; Windows NT 5.1; Trident/4.0)"
52.67.141.127 - - [25/Oct/2016:08:49:01 +0000] "GET / HTTP/1.1" 200 6164 "-" "Mozilla/5.0 (Macintosh; Intel Mac OS X 10_11_5) AppleWebKit/537.36 (KHTML, like Gecko) Chrome/50.0.2661.102 Safari/537.36"
69.30.193.253 - - [25/Oct/2016:10:36:27 +0000] "GET / HTTP/1.1" 200 3770 "-" "Mozilla/4.0 (compatible; MSIE 8.0; Windows NT 6.1; Trident/4.0; SLCC2; .NET CLR 2.0.50727; .NET CLR 3.5.30729; .NET CLR 3.0.30729; Media Center PC 6.0)"
198.204.247.220 - - [25/Oct/2016:12:34:20 +0000] "GET / HTTP/1.1" 200 3770 "-" "Mozilla/4.0 (compatible; MSIE 8.0; Windows NT 6.1; Trident/4.0; SLCC2; .NET CLR 2.0.50727; .NET CLR 3.5.30729; .NET CLR 3.0.30729; Media Center PC 6.0)"
169.229.3.91 - - [25/Oct/2016:12:55:58 +0000] "\xCA_\xA6\x5C\x95\xB0_\x11" 400 173 "-" "-"
95.213.177.126 - - [25/Oct/2016:13:00:31 +0000] "POST http://check.proxyradar.com/azenv.php?auth=147740042933&a=PSCMN&i=885444610&p=80 HTTP/1.1" 404 3696 "https://proxyradar.com/" "Mozilla/4.0 (compatible; MSIE 8.0; Windows NT 5.1; Trident/4.0)"
63.141.242.197 - - [25/Oct/2016:15:43:15 +0000] "GET / HTTP/1.1" 200 3770 "-" "Mozilla/4.0 (compatible; MSIE 8.0; Windows NT 6.1; Trident/4.0; SLCC2; .NET CLR 2.0.50727; .NET CLR 3.5.30729; .NET CLR 3.0.30729; Media Center PC 6.0)"
95.213.177.124 - - [25/Oct/2016:17:21:28 +0000] "POST http://check.proxyradar.com/azenv.php?auth=147741608669&a=PSCMN&i=885444610&p=80 HTTP/1.1" 404 3696 "https://proxyradar.com/" "Mozilla/4.0 (compatible; MSIE 8.0; Windows NT 5.1; Trident/4.0)"
139.162.13.205 - - [25/Oct/2016:19:58:17 +0000] "GET / HTTP/1.1" 200 6164 "-" "Mozilla/5.0 (Windows NT 10.0; WOW64) AppleWebKit/537.36 (KHTML, like Gecko) Chrome/45.0.2454.101 Safari/537.36"
95.213.177.126 - - [25/Oct/2016:21:39:51 +0000] "POST http://check.proxyradar.com/azenv.php?auth=147743159079&a=PSCMN&i=885444610&p=80 HTTP/1.1" 404 3696 "https://proxyradar.com/" "Mozilla/4.0 (compatible; MSIE 8.0; Windows NT 5.1; Trident/4.0)"
95.213.177.124 - - [26/Oct/2016:02:12:08 +0000] "POST http://check.proxyradar.com/azenv.php?auth=147744792717&a=PSCMN&i=885444610&p=80 HTTP/1.1" 404 3696 "https://proxyradar.com/" "Mozilla/4.0 (compatible; MSIE 8.0; Windows NT 5.1; Trident/4.0)"
95.213.177.124 - - [26/Oct/2016:06:41:49 +0000] "POST http://check.proxyradar.com/azenv.php?auth=147746410871&a=PSCMN&i=885444610&p=80 HTTP/1.1" 404 3696 "https://proxyradar.com/" "Mozilla/4.0 (compatible; MSIE 8.0; Windows NT 5.1; Trident/4.0)"
95.213.177.123 - - [26/Oct/2016:11:07:22 +0000] "POST http://check.proxyradar.com/azenv.php?auth=147748004155&a=PSCMN&i=885444610&p=80 HTTP/1.1" 404 3696 "https://proxyradar.com/" "Mozilla/4.0 (compatible; MSIE 8.0; Windows NT 5.1; Trident/4.0)"
169.229.3.91 - - [26/Oct/2016:12:18:02 +0000] "\x1C(\x1B\xBD\xE3\xD7\xE4BP6z9\xC1\x93p\xBFZ\x86j)\xC3x=\xA7)\xBF\xB2e\xD1)" 400 173 "-" "-"
46.172.91.20 - - [26/Oct/2016:13:19:25 +0000] "GET / HTTP/1.1" 200 6164 "-" "Scanbot"
52.57.66.24 - - [26/Oct/2016:14:17:01 +0000] "GET http://54.90.189.128/hello?proxy_ip=52.198.208.2&proxy_port=80&found_timestamp=1477491420 HTTP/1.1" 404 3696 "-" "-"
52.57.66.24 - - [26/Oct/2016:14:17:01 +0000] "\x00" 400 173 "-" "-"
118.178.228.150 - - [26/Oct/2016:14:40:36 +0000] "GET /phpmyadmin HTTP/1.1" 404 1564 "http://52.198.208.2/phpmyadmin" "Mozilla/4.0 (compatible; MSIE 9.0; Windows NT 6.1)"
95.213.177.125 - - [26/Oct/2016:15:26:14 +0000] "POST http://check.proxyradar.com/azenv.php?auth=147749557337&a=PSCMN&i=885444610&p=80 HTTP/1.1" 404 3696 "https://proxyradar.com/" "Mozilla/4.0 (compatible; MSIE 8.0; Windows NT 5.1; Trident/4.0)"
141.212.122.32 - - [26/Oct/2016:15:28:20 +0000] "GET / HTTP/1.1" 200 6164 "-" "Mozilla/5.0 zgrab/0.x"
180.97.106.37 - - [26/Oct/2016:17:20:10 +0000] "HEAD http://180.163.113.82/check_proxy HTTP/1.1" 404 0 "-" "-"
141.212.121.224 - - [26/Oct/2016:17:32:27 +0000] "GET / HTTP/1.1" 200 6164 "-" "Mozilla/5.0 zgrab/0.x"
95.213.177.123 - - [26/Oct/2016:20:06:59 +0000] "POST http://check.proxyradar.com/azenv.php?auth=147751241765&a=PSCMN&i=885444610&p=80 HTTP/1.1" 404 3696 "https://proxyradar.com/" "Mozilla/4.0 (compatible; MSIE 8.0; Windows NT 5.1; Trident/4.0)"
180.97.106.37 - - [26/Oct/2016:21:51:48 +0000] "\x04\x01\x00P\xB4\xA3qR\x00" 400 173 "-" "-"
95.213.177.125 - - [27/Oct/2016:00:25:36 +0000] "POST http://check.proxyradar.com/azenv.php?auth=147752793521&a=PSCMN&i=885444610&p=80 HTTP/1.1" 404 3696 "https://proxyradar.com/" "Mozilla/4.0 (compatible; MSIE 8.0; Windows NT 5.1; Trident/4.0)"
180.97.106.37 - - [27/Oct/2016:00:27:35 +0000] "\x05\x02\x00\x02" 400 173 "-" "-"
133.10.76.182 - - [27/Oct/2016:01:55:32 +0000] "GET / HTTP/1.1" 200 6345 "-" "Mozilla/5.0 (Macintosh; Intel Mac OS X 10_11_6) AppleWebKit/537.36 (KHTML, like Gecko) Chrome/53.0.2785.143 Safari/537.36"
133.10.76.182 - - [27/Oct/2016:01:55:32 +0000] "GET /assets/application-a765d9f605a7206cb9ee3c1a49de728a6c514d43566d22779d04a183022ef9dd.css HTTP/1.1" 200 51734 "http://52.198.208.2/" "Mozilla/5.0 (Macintosh; Intel Mac OS X 10_11_6) AppleWebKit/537.36 (KHTML, like Gecko) Chrome/53.0.2785.143 Safari/537.36"
133.10.76.182 - - [27/Oct/2016:01:55:32 +0000] "GET /assets/application-f8a74385c0e83b6f2c0c7cb008754c55a4655f38ba1151e057913f15b0a37c36.js HTTP/1.1" 304 0 "http://52.198.208.2/" "Mozilla/5.0 (Macintosh; Intel Mac OS X 10_11_6) AppleWebKit/537.36 (KHTML, like Gecko) Chrome/53.0.2785.143 Safari/537.36"
133.10.76.182 - - [27/Oct/2016:01:55:33 +0000] "GET /favicon.ico HTTP/1.1" 304 0 "http://52.198.208.2/" "Mozilla/5.0 (Macintosh; Intel Mac OS X 10_11_6) AppleWebKit/537.36 (KHTML, like Gecko) Chrome/53.0.2785.143 Safari/537.36"
133.10.76.182 - - [27/Oct/2016:01:55:51 +0000] "GET /lectures HTTP/1.1" 200 6244 "http://52.198.208.2/" "Mozilla/5.0 (Macintosh; Intel Mac OS X 10_11_6) AppleWebKit/537.36 (KHTML, like Gecko) Chrome/53.0.2785.143 Safari/537.36"
133.10.76.182 - - [27/Oct/2016:01:56:00 +0000] "GET /lectures/3 HTTP/1.1" 200 6366 "http://52.198.208.2/lectures" "Mozilla/5.0 (Macintosh; Intel Mac OS X 10_11_6) AppleWebKit/537.36 (KHTML, like Gecko) Chrome/53.0.2785.143 Safari/537.36"
133.10.76.182 - - [27/Oct/2016:01:56:06 +0000] "GET /lectures/2 HTTP/1.1" 200 6369 "http://52.198.208.2/lectures" "Mozilla/5.0 (Macintosh; Intel Mac OS X 10_11_6) AppleWebKit/537.36 (KHTML, like Gecko) Chrome/53.0.2785.143 Safari/537.36"
133.10.76.182 - - [27/Oct/2016:01:56:09 +0000] "GET /products/1 HTTP/1.1" 200 7433 "http://52.198.208.2/lectures" "Mozilla/5.0 (Macintosh; Intel Mac OS X 10_11_6) AppleWebKit/537.36 (KHTML, like Gecko) Chrome/53.0.2785.143 Safari/537.36"
133.10.76.182 - - [27/Oct/2016:01:56:26 +0000] "GET /assets/application-a765d9f605a7206cb9ee3c1a49de728a6c514d43566d22779d04a183022ef9dd.css HTTP/1.1" 304 0 "http://52.198.208.2/products/1" "Mozilla/5.0 (Macintosh; Intel Mac OS X 10_11_6) AppleWebKit/537.36 (KHTML, like Gecko) Chrome/53.0.2785.143 Safari/537.36"
133.10.76.182 - - [27/Oct/2016:01:56:40 +0000] "GET / HTTP/1.1" 200 6345 "http://52.198.208.2/products/1" "Mozilla/5.0 (Linux; Android 6.0; Nexus 5 Build/MRA58N) AppleWebKit/537.36 (KHTML, like Gecko) Chrome/46.0.2490.76 Mobile Safari/537.36"
119.104.118.140 - - [27/Oct/2016:01:56:55 +0000] "GET /products/1 HTTP/1.1" 200 7433 "http://52.198.208.2/users/1" "Mozilla/5.0 (iPhone; CPU iPhone OS 9_3_2 like Mac OS X) AppleWebKit/601.1 (KHTML, like Gecko) CriOS/54.0.2840.66 Mobile/13F69 Safari/601.1.46"
119.104.118.140 - - [27/Oct/2016:01:56:55 +0000] "GET /assets/application-a765d9f605a7206cb9ee3c1a49de728a6c514d43566d22779d04a183022ef9dd.css HTTP/1.1" 200 51734 "http://52.198.208.2/products/1" "Mozilla/5.0 (iPhone; CPU iPhone OS 9_3_2 like Mac OS X) AppleWebKit/601.1 (KHTML, like Gecko) CriOS/54.0.2840.66 Mobile/13F69 Safari/601.1.46"
119.104.118.140 - - [27/Oct/2016:01:56:56 +0000] "GET /assets/application-f8a74385c0e83b6f2c0c7cb008754c55a4655f38ba1151e057913f15b0a37c36.js HTTP/1.1" 304 0 "http://52.198.208.2/products/1" "Mozilla/5.0 (iPhone; CPU iPhone OS 9_3_2 like Mac OS X) AppleWebKit/601.1 (KHTML, like Gecko) CriOS/54.0.2840.66 Mobile/13F69 Safari/601.1.46"
119.104.118.140 - - [27/Oct/2016:01:56:56 +0000] "GET /favicon.ico HTTP/1.1" 304 0 "-" "Mozilla/5.0 (iPhone; CPU iPhone OS 9_3_2 like Mac OS X) AppleWebKit/601.1 (KHTML, like Gecko) CriOS/54.0.2840.66 Mobile/13F69 Safari/601.1.46"
119.104.118.140 - - [27/Oct/2016:01:57:04 +0000] "GET /users/sign_up HTTP/1.1" 200 3106 "http://52.198.208.2/products/1" "Mozilla/5.0 (iPhone; CPU iPhone OS 9_3_2 like Mac OS X) AppleWebKit/601.1 (KHTML, like Gecko) CriOS/54.0.2840.66 Mobile/13F69 Safari/601.1.46"
133.10.76.182 - - [27/Oct/2016:01:58:23 +0000] "POST /users/sign_up HTTP/1.1" 200 3106 "http://52.198.208.2/" "Mozilla/5.0 (Linux; Android 6.0; Nexus 5 Build/MRA58N) AppleWebKit/537.36 (KHTML, like Gecko) Chrome/46.0.2490.76 Mobile Safari/537.36"
133.10.76.182 - - [27/Oct/2016:01:58:23 +0000] "GET /assets/application-a765d9f605a7206cb9ee3c1a49de728a6c514d43566d22779d04a183022ef9dd.css HTTP/1.1" 304 0 "http://52.198.208.2/users/sign_up" "Mozilla/5.0 (Linux; Android 6.0; Nexus 5 Build/MRA58N) AppleWebKit/537.36 (KHTML, like Gecko) Chrome/46.0.2490.76 Mobile Safari/537.36"
133.10.76.182 - - [27/Oct/2016:01:58:32 +0000] "GET /users/sign_up HTTP/1.1" 200 3106 "http://52.198.208.2/" "Mozilla/5.0 (Linux; Android 6.0; Nexus 5 Build/MRA58N) AppleWebKit/537.36 (KHTML, like Gecko) Chrome/46.0.2490.76 Mobile Safari/537.36"
133.10.76.182 - - [27/Oct/2016:01:58:32 +0000] "GET /assets/application-a765d9f605a7206cb9ee3c1a49de728a6c514d43566d22779d04a183022ef9dd.css HTTP/1.1" 304 0 "http://52.198.208.2/users/sign_up" "Mozilla/5.0 (Linux; Android 6.0; Nexus 5 Build/MRA58N) AppleWebKit/537.36 (KHTML, like Gecko) Chrome/46.0.2490.76 Mobile Safari/537.36"
133.10.76.182 - - [27/Oct/2016:01:58:33 +0000] "GET /assets/application-f8a74385c0e83b6f2c0c7cb008754c55a4655f38ba1151e057913f15b0a37c36.js HTTP/1.1" 304 0 "http://52.198.208.2/users/sign_up" "Mozilla/5.0 (Linux; Android 6.0; Nexus 5 Build/MRA58N) AppleWebKit/537.36 (KHTML, like Gecko) Chrome/46.0.2490.76 Mobile Safari/537.36"
133.10.76.182 - - [27/Oct/2016:02:10:24 +0000] "GET / HTTP/1.1" 200 6345 "http://52.198.208.2/users/sign_up" "Mozilla/5.0 (Linux; Android 6.0; Nexus 5 Build/MRA58N) AppleWebKit/537.36 (KHTML, like Gecko) Chrome/46.0.2490.76 Mobile Safari/537.36"
133.10.76.182 - - [27/Oct/2016:02:10:36 +0000] "GET /products HTTP/1.1" 200 5790 "http://52.198.208.2/" "Mozilla/5.0 (Linux; Android 6.0; Nexus 5 Build/MRA58N) AppleWebKit/537.36 (KHTML, like Gecko) Chrome/46.0.2490.76 Mobile Safari/537.36"
133.10.76.182 - - [27/Oct/2016:02:10:41 +0000] "GET /users/sign_up HTTP/1.1" 200 3106 "http://52.198.208.2/products" "Mozilla/5.0 (Linux; Android 6.0; Nexus 5 Build/MRA58N) AppleWebKit/537.36 (KHTML, like Gecko) Chrome/46.0.2490.76 Mobile Safari/537.36"
133.10.76.182 - - [27/Oct/2016:02:10:56 +0000] "GET / HTTP/1.1" 200 6345 "http://52.198.208.2/users/sign_up" "Mozilla/5.0 (Linux; Android 6.0; Nexus 5 Build/MRA58N) AppleWebKit/537.36 (KHTML, like Gecko) Chrome/46.0.2490.76 Mobile Safari/537.36"
94.102.48.193 - - [27/Oct/2016:04:25:25 +0000] "GET /.htaccess HTTP/1.0" 404 3696 "-" "masscan/1.0 (https://github.com/robertdavidgraham/masscan)"
37.187.114.171 - - [27/Oct/2016:04:35:24 +0000] "HEAD /OA_HTML/OA.jsp HTTP/1.0" 404 0 "-" "-"
95.213.177.123 - - [27/Oct/2016:04:41:12 +0000] "POST http://check.proxyradar.com/azenv.php?auth=147754327081&a=PSCMN&i=885444610&p=80 HTTP/1.1" 404 3696 "https://proxyradar.com/" "Mozilla/4.0 (compatible; MSIE 8.0; Windows NT 5.1; Trident/4.0)"
103.47.208.29 - - [27/Oct/2016:06:29:00 +0000] "GET /asset/js/common/menu.js HTTP/1.1" 404 1564 "-" "-"
103.47.208.29 - - [27/Oct/2016:06:29:00 +0000] "" 400 0 "-" "-"
73.194.177.35 - - [27/Oct/2016:07:09:44 +0000] "\x8B\x00\x00\x00B\xA7X\xC4\x8C\xC1f\xDB\x1E\x82\xBC\xB9\xF1\xE0\xE1\x1B\xC6\x8E\x07\xE3\xFBD\xBDT\xF2*\x88f\xE0\xCF\xB5d0\x83Z<\xFE\x9C\xCBtAL\x1Am;\xA3\x1C+\xAC_@\x82B\xAA\x0CIU:\xC9p.#\x96l9\xC7\xC8\xBB\xBE\xFB\xBA\xF3$\x80b\xB7\xA2\xAB\xD5\x14\xA5\x8EO\x09\x8AI\xE5\xB4\x164\x89\xB6\x89\x98\x15Q\x12\x05\x22\x9A\xC7\xC2\x9F\xFB\x9C\xC5~\x14\xAC,\x22\xC8\x91\x01\x5C\xD0@=\xF6\x80\xA5t\xC2\xDF\x86\xFD\xECNJNzyC.\x81\x03FFS" 400 173 "-" "-"
95.213.177.123 - - [27/Oct/2016:08:57:24 +0000] "POST http://check.proxyradar.com/azenv.php?auth=147755864325&a=PSCMN&i=885444610&p=80 HTTP/1.1" 404 3696 "https://proxyradar.com/" "Mozilla/4.0 (compatible; MSIE 8.0; Windows NT 5.1; Trident/4.0)"
95.213.177.123 - - [27/Oct/2016:13:16:56 +0000] "POST http://check.proxyradar.com/azenv.php?auth=147757421599&a=PSCMN&i=885444610&p=80 HTTP/1.1" 404 3696 "https://proxyradar.com/" "Mozilla/4.0 (compatible; MSIE 8.0; Windows NT 5.1; Trident/4.0)"
142.54.180.69 - - [27/Oct/2016:15:32:20 +0000] "GET / HTTP/1.1" 200 3770 "-" "Mozilla/4.0 (compatible; MSIE 8.0; Windows NT 6.1; Trident/4.0; SLCC2; .NET CLR 2.0.50727; .NET CLR 3.5.30729; .NET CLR 3.0.30729; Media Center PC 6.0)"
95.213.177.124 - - [27/Oct/2016:17:36:35 +0000] "POST http://check.proxyradar.com/azenv.php?auth=147758979473&a=PSCMN&i=885444610&p=80 HTTP/1.1" 404 3696 "https://proxyradar.com/" "Mozilla/4.0 (compatible; MSIE 8.0; Windows NT 5.1; Trident/4.0)"
14.134.5.4 - - [27/Oct/2016:18:17:51 +0000] "GET / HTTP/1.0" 200 3770 "-" "-"
14.134.5.4 - - [27/Oct/2016:18:18:58 +0000] "GET / HTTP/1.1" 200 6345 "-" "Mozilla/5.0 (compatible; MSIE 9.0; Windows NT 6.1; WOW64; Trident/5.0)"
14.134.5.4 - - [27/Oct/2016:18:19:02 +0000] "GET /Http/DataLayCfg.xml HTTP/1.1" 404 1564 "-" "Mozilla/5.0 (compatible; MSIE 9.0; Windows NT 6.1; WOW64; Trident/5.0)"
14.134.5.4 - - [27/Oct/2016:18:19:03 +0000] "GET /www/start.html HTTP/1.1" 404 1564 "-" "Mozilla/5.0 (compatible; MSIE 9.0; Windows NT 6.1; WOW64; Trident/5.0)"
14.134.5.4 - - [27/Oct/2016:18:19:03 +0000] "GET /RemoteControl.html HTTP/1.1" 404 1564 "-" "Mozilla/5.0 (compatible; MSIE 9.0; Windows NT 6.1; WOW64; Trident/5.0)"
14.134.5.4 - - [27/Oct/2016:18:19:44 +0000] "GET / HTTP/1.0" 200 3770 "-" "-"
14.134.5.4 - - [27/Oct/2016:18:20:54 +0000] "GET / HTTP/1.1" 200 6345 "-" "Mozilla/5.0 (compatible; MSIE 9.0; Windows NT 6.1; WOW64; Trident/5.0)"
14.134.5.4 - - [27/Oct/2016:18:20:58 +0000] "GET /Http/DataLayCfg.xml HTTP/1.1" 404 1564 "-" "Mozilla/5.0 (compatible; MSIE 9.0; Windows NT 6.1; WOW64; Trident/5.0)"
14.134.5.4 - - [27/Oct/2016:18:20:58 +0000] "GET /www/start.html HTTP/1.1" 404 1564 "-" "Mozilla/5.0 (compatible; MSIE 9.0; Windows NT 6.1; WOW64; Trident/5.0)"
14.134.5.4 - - [27/Oct/2016:18:20:59 +0000] "GET /RemoteControl.html HTTP/1.1" 404 1564 "-" "Mozilla/5.0 (compatible; MSIE 9.0; Windows NT 6.1; WOW64; Trident/5.0)"
14.134.5.4 - - [27/Oct/2016:18:21:13 +0000] "\x16\x03\x01\x02\x00\x01\x00\x01\xFC\x03\x03.\x94\xEAD[\x01\x13\x8C\x8A\x81\xE5\xC6\xF0 \x07A\xD2&\xC8&\xB5\xA0\x89\x86\x8B\xD1\x9E\xB1\x0E\x12\x1E\xD1\x00\x00\xC6\x00\x05\x00\x04\x00\x02\x00\x08\x00\x14\x00\x03\x00\x01\x00\x15\x00\x06\x00\x16\x00\x17\x003\x009\x00\x19\x00:\x00\x1A\x00\x18\x005\x00\x09\x00" 400 173 "-" "-"
14.134.5.4 - - [27/Oct/2016:18:21:42 +0000] "GET / HTTP/1.0" 200 3770 "-" "-"
14.134.5.4 - - [27/Oct/2016:18:22:48 +0000] "GET / HTTP/1.1" 200 6345 "-" "Mozilla/5.0 (compatible; MSIE 9.0; Windows NT 6.1; WOW64; Trident/5.0)"
14.134.5.4 - - [27/Oct/2016:18:22:52 +0000] "GET /Http/DataLayCfg.xml HTTP/1.1" 404 1564 "-" "Mozilla/5.0 (compatible; MSIE 9.0; Windows NT 6.1; WOW64; Trident/5.0)"
14.134.5.4 - - [27/Oct/2016:18:22:52 +0000] "GET /www/start.html HTTP/1.1" 404 1564 "-" "Mozilla/5.0 (compatible; MSIE 9.0; Windows NT 6.1; WOW64; Trident/5.0)"
14.134.5.4 - - [27/Oct/2016:18:22:53 +0000] "GET /RemoteControl.html HTTP/1.1" 404 1564 "-" "Mozilla/5.0 (compatible; MSIE 9.0; Windows NT 6.1; WOW64; Trident/5.0)"
14.134.5.4 - - [27/Oct/2016:18:23:06 +0000] "\x16\x03\x01\x02\x00\x01\x00\x01\xFC\x03\x03\x08\xC3\xF9X\xA5\x97[@\xA7\xBA\xF70\xDFK\xED\xB7\x0B\xD4\x0F\xB8\xB6\x93v\xB2\x88\x88r\x1B\xAB\xF9\xED\x15\x00\x00\xC6\x00\x05\x00\x04\x00\x02\x00\x08\x00\x14\x00\x03\x00\x01\x00\x15\x00\x06\x00\x16\x00\x17\x003\x009\x00\x19\x00:\x00\x1A\x00\x18\x005\x00\x09\x00" 400 173 "-" "-"
89.248.160.154 - - [27/Oct/2016:19:04:57 +0000] "GET /muieblackcat HTTP/1.1" 404 1564 "-" "-"
89.248.160.154 - - [27/Oct/2016:19:04:57 +0000] "GET //scripts/setup.php HTTP/1.1" 404 1564 "-" "-"
89.248.160.154 - - [27/Oct/2016:19:04:58 +0000] "GET //php-my-admin/scripts/setup.php HTTP/1.1" 404 1564 "-" "-"
89.248.160.154 - - [27/Oct/2016:19:04:58 +0000] "GET //websql/scripts/setup.php HTTP/1.1" 404 1564 "-" "-"
89.248.160.154 - - [27/Oct/2016:19:04:58 +0000] "GET //myadmin/scripts/setup.php HTTP/1.1" 404 1564 "-" "-"
89.248.160.154 - - [27/Oct/2016:19:04:58 +0000] "GET //phpMyAdmin3/scripts/setup.php HTTP/1.1" 404 1564 "-" "-"
89.248.160.154 - - [27/Oct/2016:19:04:58 +0000] "GET //phpmyadmin/scripts/setup.php HTTP/1.1" 404 1564 "-" "-"
89.248.160.154 - - [27/Oct/2016:19:04:58 +0000] "GET //phpMyAdmin-2/scripts/setup.php HTTP/1.1" 404 1564 "-" "-"
89.248.160.154 - - [27/Oct/2016:19:04:58 +0000] "GET //phpMyAdmin/scripts/setup.php HTTP/1.1" 404 1564 "-" "-"
89.248.160.154 - - [27/Oct/2016:19:04:58 +0000] "GET //MyAdmin/scripts/setup.php HTTP/1.1" 404 1564 "-" "-"
89.248.160.154 - - [27/Oct/2016:19:04:58 +0000] "GET //pma/scripts/setup.php HTTP/1.1" 404 1564 "-" "-"
89.248.160.154 - - [27/Oct/2016:19:04:58 +0000] "GET //phpMyAdmin2/scripts/setup.php HTTP/1.1" 404 1564 "-" "-"
95.213.177.126 - - [27/Oct/2016:21:58:09 +0000] "POST http://check.proxyradar.com/azenv.php?auth=147760548791&a=PSCMN&i=885444610&p=80 HTTP/1.1" 404 3696 "https://proxyradar.com/" "Mozilla/4.0 (compatible; MSIE 8.0; Windows NT 5.1; Trident/4.0)"
95.213.177.125 - - [28/Oct/2016:02:22:15 +0000] "POST http://check.proxyradar.com/azenv.php?auth=147762133463&a=PSCMN&i=885444610&p=80 HTTP/1.1" 404 3696 "https://proxyradar.com/" "Mozilla/4.0 (compatible; MSIE 8.0; Windows NT 5.1; Trident/4.0)"
192.187.118.69 - - [28/Oct/2016:05:18:58 +0000] "GET / HTTP/1.1" 200 3770 "-" "Mozilla/4.0 (compatible; MSIE 8.0; Windows NT 6.1; Trident/4.0; SLCC2; .NET CLR 2.0.50727; .NET CLR 3.5.30729; .NET CLR 3.0.30729; Media Center PC 6.0)"
95.213.177.124 - - [28/Oct/2016:06:55:41 +0000] "POST http://check.proxyradar.com/azenv.php?auth=147763773933&a=PSCMN&i=885444610&p=80 HTTP/1.1" 404 3696 "https://proxyradar.com/" "Mozilla/4.0 (compatible; MSIE 8.0; Windows NT 5.1; Trident/4.0)"
95.213.177.126 - - [28/Oct/2016:11:17:31 +0000] "POST http://check.proxyradar.com/azenv.php?auth=147765345095&a=PSCMN&i=885444610&p=80 HTTP/1.1" 404 3696 "https://proxyradar.com/" "Mozilla/4.0 (compatible; MSIE 8.0; Windows NT 5.1; Trident/4.0)"
183.129.160.229 - - [28/Oct/2016:13:03:41 +0000] "GET / HTTP/1.1" 200 6345 "-" "Mozilla/5.0 (Macintosh; Intel Mac OS X 10.11; rv:47.0) Gecko/20100101 Firefox/47.0"
183.129.160.229 - - [28/Oct/2016:13:03:46 +0000] "test" 400 173 "-" "-"
187.161.50.17 - - [28/Oct/2016:13:10:36 +0000] "GET /cgi/common.cgi HTTP/1.0" 404 1564 "-" "Wget(linux)"
187.161.50.17 - - [28/Oct/2016:13:10:37 +0000] "GET /stssys.htm HTTP/1.0" 404 1564 "-" "Wget(linux)"
187.161.50.17 - - [28/Oct/2016:13:10:40 +0000] "POST /command.php HTTP/1.0" 404 1564 "-" "Wget(linux)"
187.161.50.17 - - [28/Oct/2016:13:10:41 +0000] "GET /language/Swedish${IFS}&&echo${IFS}610cker>qt&&tar${IFS}/string.js HTTP/1.0" 404 1564 "-" "Wget(linux)"
187.161.50.17 - - [28/Oct/2016:13:10:41 +0000] "GET /../../../../../../../mnt/mtd/qt HTTP/1.0" 400 173 "-" "-"
195.154.41.132 - - [28/Oct/2016:15:09:58 +0000] "HEAD / HTTP/1.1" 200 0 "-" "-"
195.154.41.132 - - [28/Oct/2016:15:09:59 +0000] "GET / HTTP/1.1" 200 6345 "-" "Mozilla/5.0 (Windows; U; Windows NT 5.0; en-US; rv:1.7.12) Gecko/20050915 Firefox/1.0.7"
95.213.177.126 - - [28/Oct/2016:15:38:34 +0000] "POST http://check.proxyradar.com/azenv.php?auth=147766911313&a=PSCMN&i=885444610&p=80 HTTP/1.1" 404 3696 "https://proxyradar.com/" "Mozilla/4.0 (compatible; MSIE 8.0; Windows NT 5.1; Trident/4.0)"
198.20.69.74 - - [28/Oct/2016:18:42:44 +0000] "GET / HTTP/1.1" 200 6345 "-" "Mozilla/5.0 (Windows NT 6.1) AppleWebKit/537.36 (KHTML, like Gecko) Chrome/41.0.2228.0 Safari/537.36"
198.20.69.74 - - [28/Oct/2016:18:42:45 +0000] "GET /robots.txt HTTP/1.1" 200 202 "-" "-"
198.20.69.74 - - [28/Oct/2016:18:42:46 +0000] "GET /sitemap.xml HTTP/1.1" 404 1564 "-" "-"
95.213.177.124 - - [28/Oct/2016:19:59:04 +0000] "POST http://check.proxyradar.com/azenv.php?auth=147768474221&a=PSCMN&i=885444610&p=80 HTTP/1.1" 404 3696 "https://proxyradar.com/" "Mozilla/4.0 (compatible; MSIE 8.0; Windows NT 5.1; Trident/4.0)"
95.213.177.126 - - [29/Oct/2016:00:18:14 +0000] "POST http://check.proxyradar.com/azenv.php?auth=147770029365&a=PSCMN&i=885444610&p=80 HTTP/1.1" 404 3696 "https://proxyradar.com/" "Mozilla/4.0 (compatible; MSIE 8.0; Windows NT 5.1; Trident/4.0)"
95.213.177.126 - - [29/Oct/2016:04:41:19 +0000] "POST http://check.proxyradar.com/azenv.php?auth=147771607801&a=PSCMN&i=885444610&p=80 HTTP/1.1" 404 3696 "https://proxyradar.com/" "Mozilla/4.0 (compatible; MSIE 8.0; Windows NT 5.1; Trident/4.0)"
95.213.177.124 - - [29/Oct/2016:09:05:02 +0000] "POST http://check.proxyradar.com/azenv.php?auth=147773190197&a=PSCMN&i=885444610&p=80 HTTP/1.1" 404 3696 "https://proxyradar.com/" "Mozilla/4.0 (compatible; MSIE 8.0; Windows NT 5.1; Trident/4.0)"
182.48.105.214 - - [29/Oct/2016:10:40:21 +0000] "GET /cgi-bin/nobody/Machine.cgi?action=get_capability HTTP/1.0" 404 3696 "-" "masscan/1.0 (https://github.com/robertdavidgraham/masscan)"
95.213.177.126 - - [29/Oct/2016:13:31:01 +0000] "POST http://check.proxyradar.com/azenv.php?auth=147774786033&a=PSCMN&i=885444610&p=80 HTTP/1.1" 404 3696 "https://proxyradar.com/" "Mozilla/4.0 (compatible; MSIE 8.0; Windows NT 5.1; Trident/4.0)"
119.147.84.6 - - [29/Oct/2016:14:48:39 +0000] "GET /phpmyadmin HTTP/1.1" 404 1564 "http://52.198.208.2/phpmyadmin" "Mozilla/4.0 (compatible; MSIE 9.0; Windows NT 6.1)"
95.213.177.126 - - [29/Oct/2016:17:51:32 +0000] "POST http://check.proxyradar.com/azenv.php?auth=147776349021&a=PSCMN&i=885444610&p=80 HTTP/1.1" 404 3696 "https://proxyradar.com/" "Mozilla/4.0 (compatible; MSIE 8.0; Windows NT 5.1; Trident/4.0)"
198.204.247.219 - - [29/Oct/2016:19:33:54 +0000] "GET / HTTP/1.1" 200 3770 "-" "Mozilla/4.0 (compatible; MSIE 8.0; Windows NT 6.1; Trident/4.0; SLCC2; .NET CLR 2.0.50727; .NET CLR 3.5.30729; .NET CLR 3.0.30729; Media Center PC 6.0)"
95.213.177.126 - - [29/Oct/2016:23:01:20 +0000] "POST http://check.proxyradar.com/azenv.php?auth=147778207817&a=PSCMN&i=885444610&p=80 HTTP/1.1" 404 3696 "https://proxyradar.com/" "Mozilla/4.0 (compatible; MSIE 8.0; Windows NT 5.1; Trident/4.0)"
195.154.189.212 - - [29/Oct/2016:23:12:29 +0000] "GET /admin/config.php HTTP/1.1" 404 1564 "-" "curl/7.19.7 (x86_64-redhat-linux-gnu) libcurl/7.19.7 NSS/3.21 Basic ECC zlib/1.2.3 libidn/1.18 libssh2/1.4.2"
66.228.47.219 - - [30/Oct/2016:00:37:09 +0000] "GET / HTTP/1.0" 200 3770 "-" "-"
95.213.177.125 - - [30/Oct/2016:03:20:42 +0000] "POST http://check.proxyradar.com/azenv.php?auth=147779764055&a=PSCMN&i=885444610&p=80 HTTP/1.1" 404 3696 "https://proxyradar.com/" "Mozilla/4.0 (compatible; MSIE 8.0; Windows NT 5.1; Trident/4.0)"
198.204.247.220 - - [30/Oct/2016:07:33:15 +0000] "GET / HTTP/1.1" 200 3770 "-" "Mozilla/4.0 (compatible; MSIE 8.0; Windows NT 6.1; Trident/4.0; SLCC2; .NET CLR 2.0.50727; .NET CLR 3.5.30729; .NET CLR 3.0.30729; Media Center PC 6.0)"
95.213.177.124 - - [30/Oct/2016:07:38:39 +0000] "POST http://check.proxyradar.com/azenv.php?auth=147781311781&a=PSCMN&i=885444610&p=80 HTTP/1.1" 404 3696 "https://proxyradar.com/" "Mozilla/4.0 (compatible; MSIE 8.0; Windows NT 5.1; Trident/4.0)"
95.213.177.126 - - [30/Oct/2016:11:53:24 +0000] "POST http://check.proxyradar.com/azenv.php?auth=147782840395&a=PSCMN&i=885444610&p=80 HTTP/1.1" 404 3696 "https://proxyradar.com/" "Mozilla/4.0 (compatible; MSIE 8.0; Windows NT 5.1; Trident/4.0)"
103.47.208.29 - - [30/Oct/2016:12:03:44 +0000] "GET /bbs/delete_comment.php?write_table=aaaa HTTP/1.1" 404 1564 "-" "-"
103.47.208.29 - - [30/Oct/2016:12:03:44 +0000] "" 400 0 "-" "-"
95.213.177.126 - - [30/Oct/2016:16:11:01 +0000] "POST http://check.proxyradar.com/azenv.php?auth=147784386013&a=PSCMN&i=885444610&p=80 HTTP/1.1" 404 3696 "https://proxyradar.com/" "Mozilla/4.0 (compatible; MSIE 8.0; Windows NT 5.1; Trident/4.0)"
139.162.13.205 - - [30/Oct/2016:19:33:11 +0000] "GET / HTTP/1.1" 200 6345 "-" "Mozilla/5.0 (Windows NT 10.0; WOW64) AppleWebKit/537.36 (KHTML, like Gecko) Chrome/45.0.2454.101 Safari/537.36"
95.213.177.125 - - [30/Oct/2016:20:32:33 +0000] "POST http://check.proxyradar.com/azenv.php?auth=147785955251&a=PSCMN&i=885444610&p=80 HTTP/1.1" 404 3696 "https://proxyradar.com/" "Mozilla/4.0 (compatible; MSIE 8.0; Windows NT 5.1; Trident/4.0)"
95.213.177.123 - - [31/Oct/2016:00:52:59 +0000] "POST http://check.proxyradar.com/azenv.php?auth=147787517745&a=PSCMN&i=885444610&p=80 HTTP/1.1" 404 3696 "https://proxyradar.com/" "Mozilla/4.0 (compatible; MSIE 8.0; Windows NT 5.1; Trident/4.0)"
141.212.122.96 - - [31/Oct/2016:00:59:31 +0000] "GET /x HTTP/1.1" 400 173 "-" "Telesphoreo"
54.75.14.167 - - [31/Oct/2016:01:14:52 +0000] "GET / HTTP/1.1" 200 6345 "-" "Mozilla/5.0 zgrab/0.x"
154.16.199.144 - - [31/Oct/2016:02:38:02 +0000] "GET /xmlrpc.php HTTP/1.1" 404 1564 "-" "-"
118.217.181.182 - - [31/Oct/2016:03:33:48 +0000] "GET /shell?id HTTP/1.1" 404 1564 "-" "Mozilla/4.0 (compatible; MSIE 7.0; Windows NT 5.1; Trident/4.0; .NET CLR 2.0.50727; .NET4.0C; .NET4.0E; .NET CLR 3.0.4506.2152; .NET CLR 3.5.30729)"
95.213.177.124 - - [31/Oct/2016:05:11:43 +0000] "POST http://check.proxyradar.com/azenv.php?auth=147789070215&a=PSCMN&i=885444610&p=80 HTTP/1.1" 404 3696 "https://proxyradar.com/" "Mozilla/4.0 (compatible; MSIE 8.0; Windows NT 5.1; Trident/4.0)"
95.213.177.124 - - [31/Oct/2016:09:41:38 +0000] "POST http://check.proxyradar.com/azenv.php?auth=147790689741&a=PSCMN&i=885444610&p=80 HTTP/1.1" 404 3696 "https://proxyradar.com/" "Mozilla/4.0 (compatible; MSIE 8.0; Windows NT 5.1; Trident/4.0)"
220.100.19.202 - - [31/Oct/2016:10:17:03 +0000] "GET / HTTP/1.1" 200 6345 "http://52.198.208.2/" "Mozilla/5.0 (Macintosh; Intel Mac OS X 10_11_6) AppleWebKit/537.36 (KHTML, like Gecko) Chrome/53.0.2785.143 Safari/537.36"
220.100.19.202 - - [31/Oct/2016:10:17:04 +0000] "GET /assets/application-a765d9f605a7206cb9ee3c1a49de728a6c514d43566d22779d04a183022ef9dd.css HTTP/1.1" 304 0 "http://52.198.208.2/" "Mozilla/5.0 (Macintosh; Intel Mac OS X 10_11_6) AppleWebKit/537.36 (KHTML, like Gecko) Chrome/53.0.2785.143 Safari/537.36"
220.100.19.202 - - [31/Oct/2016:10:17:05 +0000] "GET /assets/application-f8a74385c0e83b6f2c0c7cb008754c55a4655f38ba1151e057913f15b0a37c36.js HTTP/1.1" 304 0 "http://52.198.208.2/" "Mozilla/5.0 (Macintosh; Intel Mac OS X 10_11_6) AppleWebKit/537.36 (KHTML, like Gecko) Chrome/53.0.2785.143 Safari/537.36"
220.100.19.202 - - [31/Oct/2016:10:17:10 +0000] "GET /favicon.ico HTTP/1.1" 304 0 "http://52.198.208.2/" "Mozilla/5.0 (Macintosh; Intel Mac OS X 10_11_6) AppleWebKit/537.36 (KHTML, like Gecko) Chrome/53.0.2785.143 Safari/537.36"
95.213.177.123 - - [31/Oct/2016:14:03:32 +0000] "POST http://check.proxyradar.com/azenv.php?auth=147792261085&a=PSCMN&i=885444610&p=80 HTTP/1.1" 404 3696 "https://proxyradar.com/" "Mozilla/4.0 (compatible; MSIE 8.0; Windows NT 5.1; Trident/4.0)"
95.213.177.123 - - [31/Oct/2016:18:21:31 +0000] "POST http://check.proxyradar.com/azenv.php?auth=147793809027&a=PSCMN&i=885444610&p=80 HTTP/1.1" 404 3696 "https://proxyradar.com/" "Mozilla/4.0 (compatible; MSIE 8.0; Windows NT 5.1; Trident/4.0)"
182.118.53.77 - - [31/Oct/2016:18:31:37 +0000] "GET / HTTP/1.1" 200 6345 "-" "Mozilla/5.0 (Macintosh; Intel Mac OS X 10_10_1) AppleWebKit/537.36 (KHTML, like Gecko) Chrome/41.0.2251.0 Safari/537.36"
182.118.53.77 - - [31/Oct/2016:19:01:24 +0000] "GET / HTTP/1.1" 200 6345 "-" "Mozilla/5.0 (Macintosh; Intel Mac OS X 10_10_1) AppleWebKit/537.36 (KHTML, like Gecko) Chrome/41.0.2251.0 Safari/537.36"
95.213.177.123 - - [01/Nov/2016:06:14:03 +0000] "POST http://check.proxyradar.com/azenv.php?auth=147798084229&a=PSCMN&i=885444610&p=80 HTTP/1.1" 404 3696 "https://proxyradar.com/" "Mozilla/4.0 (compatible; MSIE 8.0; Windows NT 5.1; Trident/4.0)"
169.229.3.91 - - [01/Nov/2016:07:44:18 +0000] "\x5C\xBA\xF4rh\x9E\xCF\x1A\x05\xBET\xC6\xA3E\x0B\x8DY\x0B\xE9\x98(\xD4\xCF\xE4!8O$\x941\x03@t\xE9\xE5\xB8\x0B\x1E\x81X\x9Al\xCC\x1C%\xC5\xE3\x14\x04\xBE\x0C\xB3\x06\x89\xA8\x8F\x03W\x09~\xB4\xAF\x14\x83" 400 173 "-" "-"
95.213.177.123 - - [01/Nov/2016:12:37:16 +0000] "POST http://check.proxyradar.com/azenv.php?auth=147800383435&a=PSCMN&i=885444610&p=80 HTTP/1.1" 404 3696 "https://proxyradar.com/" "Mozilla/4.0 (compatible; MSIE 8.0; Windows NT 5.1; Trident/4.0)"
103.47.208.29 - - [01/Nov/2016:13:01:30 +0000] "GET /prc/check_member_balance.php?Wallet[]=a HTTP/1.1" 404 1564 "-" "-"
103.47.208.29 - - [01/Nov/2016:13:01:30 +0000] "" 400 0 "-" "-"
46.172.91.20 - - [01/Nov/2016:14:02:10 +0000] "GET / HTTP/1.1" 200 6345 "-" "Scanbot"
103.47.208.29 - - [01/Nov/2016:14:17:23 +0000] "GET /bbs/noticeSel/ HTTP/1.1" 404 3696 "-" "Mozilla/5.0 (Windows NT 6.1; WOW64; rv:28.0) Gecko/20100101 Firefox/28.0"
103.47.208.29 - - [01/Nov/2016:14:17:23 +0000] "" 400 0 "-" "-"
14.152.49.25 - - [01/Nov/2016:15:42:56 +0000] "GET /phpMyAdmin HTTP/1.1" 404 1564 "http://52.198.208.2/phpMyAdmin" "Mozilla/4.0 (compatible; MSIE 9.0; Windows NT 6.1)"
95.213.177.124 - - [01/Nov/2016:16:54:09 +0000] "POST http://check.proxyradar.com/azenv.php?auth=147801924861&a=PSCMN&i=885444610&p=80 HTTP/1.1" 404 3696 "https://proxyradar.com/" "Mozilla/4.0 (compatible; MSIE 8.0; Windows NT 5.1; Trident/4.0)"
46.172.91.20 - - [01/Nov/2016:17:47:05 +0000] "GET / HTTP/1.1" 200 6345 "-" "-"
106.39.60.189 - - [01/Nov/2016:17:57:52 +0000] "GET / HTTP/1.0" 200 3770 "-" "-"
106.39.60.189 - - [01/Nov/2016:17:57:57 +0000] "GET / HTTP/1.1" 200 6345 "-" "-"
106.39.60.189 - - [01/Nov/2016:17:57:57 +0000] "GET / HTTP/1.0" 200 3770 "-" "-"
106.39.60.189 - - [01/Nov/2016:17:58:03 +0000] "GET / HTTP/1.1" 200 6345 "-" "MQQBrowser/26 Mozilla/5.0 (Linux; U; Android 2.3.7; zh-cn; MB200 Build/GRJ22; CyanogenMod-7) AppleWebKit/533.1 (KHTML, like Gecko) Version/4.0 Mobile Safari/533.1"
106.39.60.189 - - [01/Nov/2016:17:58:04 +0000] "GET / HTTP/1.1" 200 6345 "-" "Mozilla/4.0 (compatible; MSIE 7.0; Windows NT 5.1; TencentTraveler 4.0)"
189.173.23.10 - - [01/Nov/2016:18:07:49 +0000] "GET / HTTP/1.0" 200 3770 "-" "Mozilla/5.0 (compatible; Googlebot/2.1; +http://www.google.com/bot.html)"
24.168.76.120 - - [01/Nov/2016:18:18:16 +0000] "GET / HTTP/1.0" 200 3770 "-" "Mozilla/5.0 (compatible; Googlebot/2.1; +http://www.google.com/bot.html)"
